[2026-08-16T23:32:34.781Z] GET http://127.0.0.1:17121/welcome → 200 (3ms, 9188B)
[2026-08-16T23:32:34.793Z] GET https://fonts.googleapis.com/css2?family=DM+Sans:wght@400;500;600&family=JetBrains+Mono:wght@400;500&display=swap → 200 (2ms, -698B)
[2026-08-16T23:32:34.793Z] GET https://api.fontshare.com/v2/css?f[]=satoshi@700,900&display=swap → 200 (4ms, -726B)
[2026-08-16T23:32:34.853Z] GET https://fonts.gstatic.com/s/dmsans/v17/rP2Yp2ywxg089UriI5-g4vlH9VoD8Cmcqbu0-K6z9mXg.woff2 → 200 (24ms, -814B)
[2026-08-16T23:32:34.853Z] GET https://cdn.fontshare.com/wf/NHPGVFYUXYXE33DZ75OIT4JFGHITX5PE/PSUTMASCDJTVPERDYJZPN23BVUFUCQIF/J64QX5IPOHK56I2KYUNBQ5M2XWZEYKYX.woff2 → 200 (25ms, -1231B)
[2026-08-16T23:32:34.853Z] GET https://cdn.fontshare.com/wf/LAFFD4SDUCDVQEXFPDC7C53EQ4ZELWQI/PXCT3G6LO6ICM5I3NTYENYPWJAECAWDD/GHM6WVH6MILNYOOCXHXB5GTSGNTMGXZR.woff2 → 200 (25ms, -1231B)
[2026-08-16T23:32:34.853Z] GET https://fonts.gstatic.com/s/jetbrainsmono/v24/tDbv2o-flEEny0FZhsfKu5WU4zr3E_BX0PnT8RD8yKwBNntkaToggR7BYRbKPxDcwgknk-4.woff2 → 200 (25ms, -814B)
[2026-08-16T23:32:34.914Z] GET https://www.mercadopago.com.ar/developers/es/docs/qr-code/landing → pending (?ms, ?B)
[2026-08-16T23:32:35.173Z] GET https://www.mercadopago.com.ar/developers/es/docs/qr-code/overview → 200 (599ms, 357077B)
[2026-08-16T23:32:35.796Z] GET https://http2.mlstatic.com/ui/webfonts/v3.0.0/proxima-nova/proximanova-light.woff2 → 200 (7ms, -952B)
[2026-08-16T23:32:35.796Z] GET https://http2.mlstatic.com/ui/webfonts/v3.0.0/proxima-nova/proximanova-regular.woff2 → 200 (8ms, -932B)
[2026-08-16T23:32:35.796Z] GET https://http2.mlstatic.com/ui/webfonts/v3.0.0/proxima-nova/proximanova-semibold.woff2 → 200 (8ms, -932B)
[2026-08-16T23:32:35.796Z] GET https://http2.mlstatic.com/storage/dx-devsite/docs-assets/custom-upload/2024/10/6/1730918872909-neutro.png → 200 (90ms, 304724B)
[2026-08-16T23:32:35.796Z] GET https://http2.mlstatic.com/storage/dx-devsite/docs-assets/custom-upload/2025/8/15/1757985864136-QR.png → 200 (359ms, 74724B)
[2026-08-16T23:32:35.796Z] GET https://http2.mlstatic.com/storage/dx-devsite/docs-assets/custom-upload/2025/8/15/1757985495739-ImagemES2x.png → pending (?ms, ?B)
[2026-08-16T23:32:35.796Z] GET https://http2.mlstatic.com/frontend-assets/dx-layout-rasti-lib/2.2.0/css/full.css → 200 (85ms, 25123B)
[2026-08-16T23:32:35.796Z] GET https://http2.mlstatic.com/frontend-assets/dx-devsite/app-styles.23bcea55.css → 200 (100ms, 76446B)
[2026-08-16T23:32:35.796Z] GET https://http2.mlstatic.com/frontend-assets/cookies-consent-banner-builder/1.2.1/cookie-consent-banner-opt-out/mp-desktop.css → 200 (1ms, -974B)
[2026-08-16T23:32:35.796Z] GET https://www.mercadopago.com.ar/v3/security.js → pending (?ms, ?B)
[2026-08-16T23:32:35.796Z] GET https://www.googletagmanager.com/gtag/js?id=G-XJRJL56B0Z → pending (?ms, ?B)
[2026-08-16T23:32:35.796Z] GET https://http2.mlstatic.com/frontend-assets/dx-devsite/javascripts/prism.js?v=5.7.4-hotfix-1 → pending (?ms, ?B)
[2026-08-16T23:32:35.796Z] GET https://http2.mlstatic.com/frontend-assets/dx-devsite/javascripts/svg-pan-zoom.js → pending (?ms, ?B)
[2026-08-16T23:32:35.797Z] GET https://http2.mlstatic.com/frontend-assets/cookies-consent-banner-builder/1.2.1/cookie-consent-banner-opt-out/script.js → pending (?ms, ?B)
[2026-08-16T23:32:35.797Z] GET https://http2.mlstatic.com/storage/melidata-js-sdk/js/3/0.7.8/melidata.min.js → pending (?ms, ?B)
[2026-08-16T23:32:35.797Z] GET https://http2.mlstatic.com/frontend-assets/dx-devsite/app.5e9f86f9.js → pending (?ms, ?B)
[2026-08-16T23:32:35.797Z] GET https://http2.mlstatic.com/ui/webfonts/v3.0.0/proxima-nova/proximanova-bold.woff2 → 200 (358ms, 14368B)
[2026-08-16T23:32:35.797Z] GET https://http2.mlstatic.com/frontend-assets/dx-devsite/fonts/proximanova-extrabold-webfont.woff2 → 200 (357ms, 20600B)
[2026-08-16T23:32:35.797Z] GET https://http2.mlstatic.com/frontend-assets/web-monitoring/1.5.9/agent.min.js → 200 (8ms, -980B)
[2026-08-16T23:32:36.153Z] GET https://http2.mlstatic.com/frontend-assets/web-monitoring/1.5.9/bases.min.js → 200 (3ms, -1001B)
[2026-08-16T23:32:36.164Z] GET https://www.googletagmanager.com/gtm.js?id=GTM-5TD2V4H → pending (?ms, ?B)
[2026-08-16T23:32:36.164Z] POST https://matt.mercadopago.com.ar/ → pending (?ms, ?B)
[2026-08-16T23:32:36.218Z] GET https://http2.mlstatic.com/cdn/ping.gif → 200 (21ms, -675B)
[2026-08-16T23:32:36.219Z] GET https://http2.mlstatic.com/frontend-assets/web-monitoring/1.5.9/traces.min.js → 200 (21ms, -982B)
[2026-08-16T23:32:36.219Z] GET https://http2.mlstatic.com/frontend-assets/web-monitoring/1.5.9/logs.min.js → 200 (20ms, -1001B)
[2026-08-16T23:32:36.219Z] GET https://http2.mlstatic.com/frontend-assets/web-monitoring/1.5.9/metrics.min.js → 200 (26ms, -982B)
[2026-08-16T23:32:36.219Z] GET https://http2.mlstatic.com/frontend-assets/web-monitoring/1.5.9/resource_timing.min.js → 200 (24ms, -1000B)
[2026-08-16T23:32:36.219Z] GET https://http2.mlstatic.com/frontend-assets/web-monitoring/1.5.9/web_vitals.min.js → 200 (26ms, -1001B)
[2026-08-16T23:32:36.219Z] GET https://http2.mlstatic.com/frontend-assets/web-monitoring/1.5.9/heaviest_resources.min.js → 200 (25ms, -1000B)
[2026-08-16T23:32:36.250Z] GET https://http2.mlstatic.com/frontend-assets/web-monitoring/1.5.9/index.min.js → 200 (1ms, -955B)
[2026-08-16T23:32:36.250Z] GET https://http2.mlstatic.com/frontend-assets/web-monitoring/1.5.9/NoopLogger.min.js → 200 (11ms, -981B)
[2026-08-16T23:32:36.250Z] GET https://http2.mlstatic.com/frontend-assets/web-monitoring/1.5.9/resources.min.js → 200 (13ms, -1002B)
[2026-08-16T23:32:36.250Z] GET https://http2.mlstatic.com/frontend-assets/web-monitoring/1.5.9/timer-util.min.js → 200 (12ms, -935B)
[2026-08-16T23:32:36.347Z] POST https://api.mercadolibre.com/melidata/tracks → 200 (334ms, 686B)
[2026-08-16T23:32:36.397Z] GET https://www.googletagmanager.com/gtag/js?id=G-XJRJL56B0Z&cx=c&gtm=4e68d0h2 → 200 (282ms, 170149B)
[2026-08-16T23:32:36.679Z] GET https://http2.mlstatic.com/frontend-assets/dx-devsite/433.4153a422.js → 200 (24ms, 653B)
[2026-08-16T23:32:36.732Z] POST https://www.google-analytics.com/g/collect?v=2&tid=G-XJRJL56B0Z&gtm=45je68c1v9133008497za200zb9133017628zd9133017628&_p=1786923156157&gcd=13l3l3l3l1l1&npa=0&dma=0&are=1&cid=1079325545.1786923157&frm=0&ngs=1&pscdl=noapi&rcb=6&sr=1366x768&uaa=x86&uab=64&uafvl=Chromium%3B145.0.7632.6%7CNot%253AA-Brand%3B99.0.0.0&uam=&uamb=0&uap=macOS&uapv=10_15_7&uaw=0&ul=es-419&_s=1&tag_exp=115938465~115938469~118897920~118897930~119259605~119367802~119367810~119527020~120385423&sid=1786923156&sct=1&seg=0&dl=https%3A%2F%2Fwww.mercadopago.com.ar%2Fdevelopers%2Fes%2Fdocs%2Fqr-code%2Foverview&dt=Documentaci%C3%B3n%20-%20Mercado%20Pago%20Developers&en=page_view&_fv=1&_nsi=1&_ss=1&_ee=1&ep.scroll=true&ep.click=true&ep.view_search_results=true&ep.file_download=true&ep.form_start=true&ep.form_submit=true&ep.video_start=true&ep.video_progress=true&ep.video_complete=true&tfd=1815 → 204 (113ms, 563B)
[2026-08-16T23:32:36.749Z] GET https://http2.mlstatic.com/frontend-assets/dx-devsite/795.9a403189.js → 200 (14ms, 620B)
[2026-08-16T23:32:37.031Z] GET https://http2.mlstatic.com/frontend-assets/dx-devsite/javascripts/mermaid.js → pending (?ms, ?B)
[2026-08-16T23:32:37.031Z] GET https://http2.mlstatic.com/frontend-assets/dx-libs-pkgs/tetris/5.13.6/DxChatAI.CDN.js → 200 (38ms, 102797B)
[2026-08-16T23:32:37.031Z] GET https://http2.mlstatic.com/frontend-assets/dx-libs-pkgs/tetris/5.13.6/DxThumbs.CDN.js → 200 (39ms, 93344B)
[2026-08-16T23:32:37.183Z] GET https://www.mercadopago.com.ar/developers/api/chat-ai/get-config → 200 (325ms, 3348B)
[2026-08-16T23:32:37.517Z] POST https://o11y-proxy-otel-frontend.meli.com/v1/metrics → 200 (398ms, 1205B)
[2026-08-16T23:32:39.288Z] POST https://o11y-proxy-otel-frontend.meli.com/v1/metrics → 200 (179ms, 1203B)
[2026-08-16T23:32:41.745Z] POST https://www.google-analytics.com/g/collect?v=2&tid=G-XJRJL56B0Z&gtm=45je68c1v9133008497za200zb9133017628zd9133017628&_p=1786923156157&gcd=13l3l3l3l1l1&npa=0&dma=0&_eu=AEAAAAQ&ae=a&are=1&cid=1079325545.1786923157&frm=0&ngs=1&pscdl=noapi&rcb=6&sr=1366x768&uaa=x86&uab=64&uafvl=Chromium%3B145.0.7632.6%7CNot%253AA-Brand%3B99.0.0.0&uam=&uamb=0&uap=macOS&uapv=10_15_7&uaw=0&ul=es-419&_s=2&tag_exp=115938465~115938469~118897920~118897930~119259605~119367802~119367810~119527020~120385423&sid=1786923156&sct=1&seg=0&dl=https%3A%2F%2Fwww.mercadopago.com.ar%2Fdevelopers%2Fes%2Fdocs%2Fqr-code%2Foverview&dt=Documentaci%C3%B3n%20-%20Mercado%20Pago%20Developers&en=scroll&ep.scroll=true&ep.click=true&ep.view_search_results=true&ep.file_download=true&ep.form_start=true&ep.form_submit=true&ep.video_start=true&ep.video_progress=true&ep.video_complete=true&epn.percent_scrolled=90&_et=11&tfd=6831 → 204 (127ms, 57B)
[2026-08-16T23:32:42.053Z] POST https://o11y-proxy-otel-frontend.meli.com/v1/traces → pending (?ms, ?B)
[2026-08-16T23:32:42.295Z] POST https://o11y-proxy-otel-frontend.meli.com/v1/metrics → 200 (166ms, 1203B)
[2026-08-16T23:32:43.287Z] POST https://o11y-proxy-otel-frontend.meli.com/v1/metrics → 200 (171ms, 1203B)
